---
source: tests/src/unit.rs
input_file: tests/fixtures/unit/math/aligned/delimited.typ
---
// Mismatched brackets and parentheses
$
  [1 + 2 & = 3]        \
      {4 & = 5  & = 6} \
      (7 & = 8)        \
$

// Mixed delimiters and alignment
$
   ((a & = b)  & "and" & [CC &  = d]) \
  {(EE & = FF) &  "or" & (g  & = HH)} \
$

// Breaking long expressions across rows
$
  sum_(k=1)^n a_k & = (a_1 + a_2 + dots.c \
                  & + a_(n-1) + a_n)      \
                  & = x                   \
$
