---
source: tests/src/unit.rs
input_file: tests/fixtures/unit/math/aligned/empty.typ
---
1
$&$
2
$ & $
3
$ && $
4
$ && $
5
$ &&& $

6
$& \ $
$ & \ $
7
$&\ &$
$
  & \
  &
$
8
$&\ &\ $
$
  & \
  & \
$
9
$
  \
  & \
  \
$
10
$
  && \
  & \
  \
$

11
$
    & x && \
    & \
  y & z &
$
12
$
  ( & 11111 \
    & )
$
$
  text(
    & 11111 \
    &
  )
$

$
  Re \
  Im
$

#repr(math.equation(
  $ 1 & 2 \ $.body + $ & 4 \ $.body,
))
