---
source: tests/src/unit.rs
input_file: tests/fixtures/unit/math/aligned/inline.typ
---
$[x] = [0] &<==> x - 0 in U \ &<==> x in U$.

Let's solve this step by step: $x + 2 &= 10 \ x &= 8$

Here's a multi-step equation: $2x + 3y &= 14 \ -x + y &= 2 \ y &= x + 2$

Complex system: $3x - 2y + z &= 6 \ x + 4y - 2z &= -7 \ -x + y + 3z &= 8$

With fractions: $1/2x + y &= 3 \ y &= 3 - 1/2x$

Mixed content: The solution is $x + y &= 5 \ y &= -x + 5$ which proves our point.

Long equation: $integral_0^infinity f(x) dif x &= lim_(n->infinity) integral_0^n f(x) dif x \ &= sqrt(pi) / 2$

With subscripts: $a_1 + b_1 &= c_1 \ a_2 - b_2 &= c_2$

Matrix equations: $[1,2;3,4]x &= [5;6] \ x &= [1;-1/2]$
