---
source: tests/src/unit.rs
input_file: tests/fixtures/unit/math/aligned/multiline-str.typ
---
$
  "  a
  a  " & " b " \
  " c " & " d
  d"
$

$
  #`  e
e  ` &
  #` f ` \ #` g `
  & #` h
  h`
$

$
        #```rust fn``` & #```rust
                           struct
                         ```     \
  #```rust   trait ``` & #```rust
                         impl```
$

$
  #{ "x
    x" } & #{ "y" } \
  & #{ `zzzz
    z` }
$
