---
source: tests/src/unit.rs
input_file: tests/fixtures/unit/code/if-chain.typ
---
#if a < b { true } else if c < d { (false,) } else if 1 + 2 == 3 {
  (true, false)
} else { none }

#if a < b { true } else if c < d [  false ] else if 1 + 2 == 3 [*strong*] else {
  none
}

#if a < b { true } else if c < d [
  false
] else if 1 + 2 == 3 [*strong*] else {
  none
}

#if a < b {
  true
} else if c < d [  false ] else if 1 + 2 == 3 [
  *strong*] else { none }

#{
  if a < b { true } else if c < d { (false,) } else if 1 + 2 == 3 {
    (true, false)
  } else { none }

  if a < b { true } else if c < d [  false ] else if (
    1 + 2 == 3
  ) [*strong*] else { none }

  if a < b { true } else if c < d [
    false
  ] else if 1 + 2 == 3 [*strong*] else {
    none
  }

  if a < b {
    true
  } else if c < d [  false ] else if 1 + 2 == 3 [
    *strong*] else { none }
}

#if a < b {
  true
  false
} else if c < d [  false ] else if 1 + 2 == 3 [*strong*] else {
  a = 3
  none
}

#if a < b {
  true
  false
} else if c < d [
  false
] else if 1 + 2 == 3 [*strong*] else if false { if 0 < 1 { true } } else {
  a = 3
  if 3 > 2 { for i in range(10) { i } }
  none
}
