---
source: tests/src/unit.rs
input_file: tests/fixtures/unit/markup/reflow/code.typ
---
/// typstyle: wrap_text

#{
  // Title row.
  align(center)[
    #block(text(weight: 700, 1.75em)[])
    #v(4em, weak: true)
    v#version #h(1.2cm) #datetime.today()
    #block(link("link"))
    #v(1.5em, weak: true)
  ]
}
