---
source: tests/src/unit.rs
input_file: tests/fixtures/unit/markup/reflow/spaces.typ
---
/// typstyle: wrap_text

Nested
#strong[
  *
  bold
  *
  *inside
  *
  *strong*]
with
spaces
\
and
line
breaks
\
across
multiple
lines.

#quote[
  Quoted
  text
  with
  spaces
  and
  multiple
  lines
]

#align(
  center,
)[
  Centered
  text
  with
  spaces
]
and
#stack[
  Stacked
  content
  with
  preserved
  spaces
]

#table(
  columns: 2,
  [
    Cell
    with
    spaces],
  [Another
    cell
    with
    spaces
  ],

  [More
    content],
  [
    Even
    more
    spaced
    content
  ],
)
