---
source: tests/src/unit.rs
input_file: tests/fixtures/unit/comment/in-math-args.typ
---
$mat(/* 0 */ #1, /* 1 */ #2 /* 2 */)$
$mat(/* 0 */ #1 /* 1 */, /* 2 */ #2 /* 3 */)$
$mat(/* 0 */ #1 /* 1 */, /* 2 */ #2 /* 3 */)$

$mat(#1 /* 0 */ ; /* 1 */ #2)$
$mat(#1;/* 0 */#2)$
$mat(#1; /* 0 */#2 /* 1 */)$
$mat(#1 /* 0 */ ; #2)$
$mat(#1 ; /* 0 */ #2 /* 1 */,)$
$mat(#1 /* 0 */ ; #2;/* 1 */ /* 2 */#3)$
