---
source: tests/src/unit.rs
input_file: tests/fixtures/unit/comment/in-params.typ
snapshot_kind: text
---
#let f(
  // aaa
  a, // bbb
) = { }

#let f(
  // aaa
  a, // bbb
) = { }

#let g = (
  // ccc
  a, //  ddd
) => { }

#let g = (
  // ccc
  a, //  ddd
) => { }

#let g = (
  a, // ccc
  //  ddd
) => { }

#let f(
  (
    // aaa
    a // bbb
  ),
) = { }

#let g = (
  (
    // ccc
    a //  ddd
  ),
) => { }

#let g = (
  (
    a // ccc
    //  ddd
  ),
) => { }
