---
source: tests/src/unit.rs
input_file: tests/fixtures/unit/comment/line.typ
snapshot_kind: text
---
#{
  // test

  /*
  if direction == "bottom" {
    draw.line(a, (rel: (0, -grow/3)), ((), "-|", b), b)
  } else if direction == "up" {
    draw.line(a, (rel: (0, grow/3)), ((), "-|", b), b)
  } else if direction == "left" {
    draw.line(a, (rel: (-grow/3, 0)), ((), "|-", b), b)
  } else if direction == "right" {
    draw.line(a, (rel: (grow/3, 0)), ((), "|-", b), b)
  }
  */
}
