---
source: tests/src/unit.rs
input_file: tests/fixtures/unit/markup/enum-indent-ex.typ
---
#{
  [/ single: ]
  [
    / indented:
    / less:
  ]
  [
    / indented:
    / same:
    / then less:
      / then same:
  ]
  [
    / indented:
      / more:
    / then same:
    / then less:
  ]
}
---
#{
  [
    / indented:
      / less:
  ]
  [
    / indented:
      / same:
      / then less:
        / then same:
  ]
  [
    / indented:
      / more:
      / then same:
      / then less:
  ]
}
