---
source: tests/src/unit.rs
input_file: tests/fixtures/unit/markup/list-indent.typ
---
+
  + xyz

- xyz

-
  xyz

-
  xyz
  abc

- xyz
  abc

+ //foo
  + xyz

- //foo
  - xyz
  //bar

- foo
  // - bar
  - baz

- foo
  - bar
  // - baz

- foo
  - bar
    // - baz

#[
  - 123
    - 456
]
#[
  - 123
    - 456
      aaa
      - 789
]
- 123


  - 456

    aaa

    - 789
