---
source: tests/src/unit.rs
input_file: tests/fixtures/unit/markup/raw-in-funccall.typ
snapshot_kind: text
---
#block(
  box(`
    f(x) &= pause x^2 + 2x + 1  \
         &= pause (x + 1)^2  \
  `),
)

#block(
  box(`
      f(x) &= pause x^2 + 2x + 1  \
             &= pause (x + 1)^2  \
      `),
)
