---
source: tests/src/unit.rs
input_file: tests/fixtures/unit/math/equation-flavor.typ
---
$
  F(x) = integral_0^x f(t) dif t
$

$
  F(x) = integral_0^x f(t) dif t
$

$F(a)$

$F(b)$

$F(c)$

$F(d)$

$ F(e) $

$
  F(f)
$

$F(g)$

$
  F(h)
$

$
  F(i)
$

$G(0)
H(0)$

$G(1)
H(1)$

$G(2)
H(2)$

$G(3)
H(3)$

$
  G(4)
  H(4)
$

$
  G(5)
  H(5)
$

$G(6)
H(6)$

$
  G(7)
  H(7)
$

$
  G(8)
  H(8)
$
