---
source: tests/src/unit.rs
input_file: tests/fixtures/unit/off/block-single.typ
snapshot_kind: text
---
#if true {
  // @typstyle off
  let x = (
  "A message that will be split into multiple lines to ensure that each"
  +" line does not exceed sixty characters in length. This is a common"
  +" practice to improve readability and maintainability of the code."
  )
}

#{
  // @typstyle off
  let x = (
  "A message that will be split into multiple lines to ensure that each"
  +" line does not exceed sixty characters in length. This is a common"
  +" practice to improve readability and maintainability of the code."
  )
}

// @typstyle off
#let x = (
  "A message that will be split into multiple lines to ensure that each"
  +" line does not exceed sixty characters in length. This is a common"
  +" practice to improve readability and maintainability of the code."
  )
