---
source: tests/src/unit.rs
input_file: tests/fixtures/unit/grid/extra-arg.typ
snapshot_kind: text
---
#grid(
  columns: 2,
)[
  abc
][
  def
]

#table(
  columns: (auto, 1fr, auto),
  gutter: 3pt,
  [Name], [Age], [Strength],
  [Hannes], [36], [Grace],
  [Irma], [50], [Resourcefulness],
  [Vikram], [49], [Perseverance],
)[123][
  456
][789]
