---
source: tests/src/unit.rs
input_file: tests/fixtures/unit/code/cond.typ
snapshot_kind: text
---
#if not true {
  // false
}

#if (
  is-tablex-cell(cell)
    and type(
      cell.y,
    )
      in (
        _int-type,
        _float-type,
      )
    and cell.y
      > acc
) {
  cell.y
} else {
  acc
}

#let a = 0

#let b = 1
