---
source: tests/src/unit.rs
input_file: tests/fixtures/unit/markup/enum.typ
snapshot_kind: text
---
Automatically numbered:
+ Preparations
+ Analysis
+ Conclusions

Manually numbered:
2. What is the first step?
5. I am confused.
+ Moving on ...

Multiple lines:
+ This enum item has multiple
  lines because the next line
  is indented.

Function call.
#enum[First][Second]
