---
source: tests/src/unit.rs
input_file: tests/fixtures/unit/code/func-call-last-arg.typ
snapshot_kind: text
---
#fun(aaaaaaaa, bbbbbbbbbb, () => { })

#fun(aaaaaaaa, bbbbbbbbbb, () => { })

#fun(
  aaaaaaaa,
  bbbbbbbbbb,
  () => {
    // something
  },
)

#fun(
  aaaaaaaa,
  bbbbbbbbbb,
  {
    // something
  },
)
