---
source: tests/src/unit.rs
input_file: tests/fixtures/unit/show/code-show-closure.typ
snapshot_kind: text
---
#let project(
  title: "",
) = {
  show heading: it => box(width: 100%)[
    #v(0.50em)
    #set text(font: heading-font)
    #if it.numbering != none { counter(heading).display() }
    #h(0.75em)
    #it.body
  ]
}
