---
source: tests/src/unit.rs
input_file: tests/fixtures/typstfmt/136-raw.typ
snapshot_kind: text
---
- ```
  my beautiful raw block !
  ```

- #{
    let raw_block = ```
    another beautiful block !
    ```
  }

A code block:
```rust
if b {
    let x = 2;
}
```

#text[
  J'ai fait un snippet neovim qui crée des banners ! ```
                      //////////////////////
                      // This is a banner //
                      //////////////////////
                      ```]
