---
source: src/util.rs
expression: outer
---
Group(
    FlatAlt(
        [
            "{",
            Nest(
                2,
                [
                    Hardline,
                    "let a = 1",
                    ";",
                    Hardline,
                ],
            ),
            "}",
        ],
        [
            "{",
            " ",
            "let a = 1",
            " ",
            "}",
        ],
    ),
)
